// Jest Snapshot v1, https://goo.gl/fbAQLP

exports[`<Tabs /> Tests should match last known snapshot unless we make a change 1`] = `
<styled.div
  fontFamily="inherit"
  fontSize="1.2em"
  shouldWrap={false}
>
  <Tab
    description="a test tab"
    height="2em"
    highlightColor="#000"
    iconFileName="icon"
    id={1}
    isDirty={true}
    isSelected={true}
    key="1"
    maxWidth="20em"
    mode="normal"
    name="test"
    onClickClose={[Function]}
    onClickName={[Function]}
    shouldShowHighlight={true}
  />
</styled.div>
`;
